<html>
<body>
<pre>
<h1>µVision Build Log</h1>
<h2>Tool Versions:</h2>
IDE-Version: ¦ÌVision V5.42.0.0
Copyright (C) 2025 ARM Ltd and ARM Germany GmbH. All rights reserved.
License Information: ASUS,  , LIC=VGXG8-3QY65-63QMB-2LPI5-N40UZ-6ZSWP
 
Tool Versions:
Toolchain:       MDK-ARM Plus  Version: 5.42.0.0
Toolchain Path:  D:\mdk\ARM\ARMCC\Bin
C Compiler:      Armcc.exe V5.06 update 7 (build 960)
Assembler:       Armasm.exe V5.06 update 7 (build 960)
Linker/Locator:  ArmLink.exe V5.06 update 7 (build 960)
Library Manager: ArmAr.exe V5.06 update 7 (build 960)
Hex Converter:   FromElf.exe V5.06 update 7 (build 960)
CPU DLL:         SARMCM3.DLL V5.42.0.0
Dialog DLL:      DCM.DLL V1.17.5.0
Target DLL:      CMSIS_AGDI.dll V1.33.22.0
Dialog DLL:      TCM.DLL V1.56.6.0
 
<h2>Project:</h2>
d:\RM\myself\Hero_board1_SJW - Hero\MDK-ARM\Hero_board1_SJW.uvprojx
Project File Date:  08/12/2025

<h2>Output:</h2>
*** Using Compiler 'V5.06 update 7 (build 960)', folder: 'D:\mdk\ARM\ARMCC\Bin'
Build target 'Hero_board1_SJW'
compiling BSP_BoardCommunication.c...
compiling vofa.c...
compiling M3508_Motor.c...
compiling DT7.c...
compiling M6020_Motor.c...
compiling Protocol_UpperComputer.c...
compiling J4310_Motor.c...
..\Devices\Devices.c\J4310_Motor.c(63): warning:  #1035-D: single-precision operand implicitly converted to double-precision
    float Postion = uq1 / 8192 * 2 * Pi;
..\Devices\Devices.c\J4310_Motor.c(154): warning:  #550-D: variable "Can_Send_Data"  was set but never used
    Can_Send_Data_t Can_Send_Data;
..\Devices\Devices.c\J4310_Motor.c(197): warning:  #1035-D: single-precision operand implicitly converted to double-precision
    J4310_Array[StdId]->realAngle = J4310_Array[StdId]->realAngle / 2 * 3.1415927 * 36.f;
..\Devices\Devices.c\J4310_Motor.c: 3 warnings, 0 errors
compiling SBUS.c...
compiling Cloud_Control.c...
compiling Dial.c...
compiling Shoot.c...
compiling FrictionWheel.c...
compiling freertos.c...
../BSP/BSP.h/BSP_Test.h(16): warning:  #3108-D: attribute "__packed__" does not apply here
  typedef __packed struct
../Core/Src/freertos.c: 1 warning, 0 errors
compiling BSP_Usart.c...
compiling FeedForward.c...
compiling Task_CommunicateWithPC.c...
compiling Task_DT7.c...
compiling Task_VOFA.c...
compiling Task_OfflineCheck.c...
compiling Task_RobotControl.c...
../BSP/BSP.h/BSP_Test.h(16): warning:  #3108-D: attribute "__packed__" does not apply here
  typedef __packed struct
..\Tasks\Tasks.c\Task_RobotControl.c: 1 warning, 0 errors
compiling Task_CanSend.c...
compiling Task_CanReceive.c...
compiling Task_J4310_onlineCheck.c...
linking...
Program Size: Code=34988 RO-data=2400 RW-data=756 ZI-data=27564  
FromELF: creating hex file...
".\Hero_board1_SJW\Hero_board1_SJW.axf" - 0 Error(s), 5 Warning(s).

<h2>Software Packages used:</h2>

Package Vendor: ARM
                https://www.keil.com/pack/ARM.CMSIS.6.1.0.pack
                ARM::CMSIS@6.1.0
                CMSIS (Common Microcontroller Software Interface Standard)
   * Component: CORE Version: 6.1.0

Package Vendor: Keil
                https://www.keil.com/pack/Keil.STM32F4xx_DFP.3.0.0.pack
                Keil::STM32F4xx_DFP@3.0.0
                STMicroelectronics STM32F4 Series Device Support

<h2>Collection of Component include folders:</h2>
  ./RTE/_Hero_board1_SJW
  D:/mdk/ARM/Packs/ARM/CMSIS/6.1.0/CMSIS/Core/Include

<h2>Collection of Component Files used:</h2>

   * Component: ARM::CMSIS:CORE@6.1.0
      Include file:  CMSIS/Core/Include/tz_context.h
Build Time Elapsed:  00:04:35
</pre>
</body>
</html>
